// Jest Snapshot v1, https://goo.gl/fbAQLP

exports[`Missions renders correctly for reserved state 1`] = `
<main>
  <table
    className="table"
  >
    <colgroup>
      <col
        className="col1"
      />
      <col
        className="col2"
      />
      <col
        className="col3"
      />
      <col
        className="col4"
      />
    </colgroup>
    <thead>
      <tr>
        <th>
          Mission
        </th>
        <th>
          Description
        </th>
        <th>
          Status
        </th>
        <th>
           
        </th>
      </tr>
    </thead>
    <tbody />
  </table>
</main>
`;
